[storage] jobDocxDir 遒ｺ隱・菴懈・: C:/Museum/JobSheets 
[storage] scoutTextDir 遒ｺ隱・菴懈・: C:/Museum/ScoutTexts 
Museum JobTool Ver 0.3.6 窶・Server listening on port 3000
  jobDocxDir:   C:/Museum/JobSheets
  scoutTextDir: C:/Museum/ScoutTexts
[extract] 謚ｽ蜃ｺ繝・く繧ｹ繝域枚蟄玲焚 { extractedLength: 1424, min: 300 }
[extract] 蜃ｺ蜉帛・ {
  artifactDir: 'C:\\dev\\jobtool\\server\\data\\2026-05-25\\_pending_9ac24ace'
}
[extract] DOM sections saved: 10莉ｶ { method: 'hrmos' }
[extract] 菫晏ｭ伜ｮ御ｺ・{ runId: '2026-05-25\\_pending_9ac24ace' }
[structure] OpenAI讒矩蛹夜幕蟋・
[field_source] company.name source=sections (DOM蜆ｪ蜈・ { value: '繧ｻ繧ｬ' }
[field_source] selection.process cleared (HRMOS: not from DOM sections) 
[structure] 莉ｻ諢城・岼谺關ｽ・亥●豁｢縺ｪ縺暦ｼ・{ missing: [ 'OPTIONAL_MISSING: 驕ｸ閠・・繝ｭ繧ｻ繧ｹ (selection.process)' ] }
[structure] 險縺・鋤縺域､懷・・郁ｭｦ蜻奇ｼ・{ count: 8 }
[paraphrase] 險縺・鋤縺域､懷・繝ｬ繝昴・繝井ｿ晏ｭ・ 8莉ｶ {
  dir: 'C:\\dev\\jobtool\\server\\data\\2026-05-25\\_pending_9ac24ace'
}
[structure] 繝・ぅ繝ｬ繧ｯ繝医Μ蜷肴峩譁ｰ {
  from: '_pending_9ac24ace',
  to: '繧ｻ繧ｬ_縲先･蜍溘代先ｪ蠑丈ｼ夂､ｾ繧ｻ繧ｬ縲代千ｬｬ2莠区･ｭ驛ｨ縲代げ繝ｩ繝輔ぅ繝・け繧ｹ繝励Ο繧ｰ繝ｩ繝枩No.2757_9ac24ace'
}
[structure] 菫晏ｭ伜ｮ御ｺ・{
  runId: '2026-05-25\\繧ｻ繧ｬ_縲先･蜍溘代先ｪ蠑丈ｼ夂､ｾ繧ｻ繧ｬ縲代千ｬｬ2莠区･ｭ驛ｨ縲代げ繝ｩ繝輔ぅ繝・け繧ｹ繝励Ο繧ｰ繝ｩ繝枩No.2757_9ac24ace',
  outputDir: 'C:\\dev\\jobtool\\server\\data\\2026-05-25\\繧ｻ繧ｬ_縲先･蜍溘代先ｪ蠑丈ｼ夂､ｾ繧ｻ繧ｬ縲代千ｬｬ2莠区･ｭ驛ｨ縲代げ繝ｩ繝輔ぅ繝・け繧ｹ繝励Ο繧ｰ繝ｩ繝枩No.2757_9ac24ace'
}
[paraphrase] 險縺・鋤縺域､懷・繝ｬ繝昴・繝井ｿ晏ｭ・ 8莉ｶ {
  dir: 'C:\\dev\\jobtool\\server\\data\\2026-05-25\\繧ｻ繧ｬ_縲先･蜍溘代先ｪ蠑丈ｼ夂､ｾ繧ｻ繧ｬ縲代千ｬｬ2莠区･ｭ驛ｨ縲代げ繝ｩ繝輔ぅ繝・け繧ｹ繝励Ο繧ｰ繝ｩ繝枩No.2757_9ac24ace'
}
[render] 險縺・鋤縺域､懷・・郁ｭｦ蜻翫・縺ｿ・・{ count: 8 }
[render] Word蟾ｮ縺苓ｾｼ縺ｿ髢句ｧ・{
  templatePath: 'C:\\dev\\jobtool\\templates\\museum_template.docx',
  showFixedOvertime: false
}
[word] using code-generated docx (USE_TEMPLATE!=1 or blank template)
[word] logo loaded { path: 'C:\\dev\\jobtool\\assets\\museum_logo.png', size: 14987 }
[word] logo transformation: original=1200x376 竊・display=220x69 (scale=0.1833)
[render] Word蟾ｮ縺苓ｾｼ縺ｿ螳御ｺ・{ outputSize: 24332 }
[render] output.docx 菫晏ｭ伜ｮ御ｺ・{
  dir: 'C:\\dev\\jobtool\\server\\data\\2026-05-25\\繧ｻ繧ｬ_縲先･蜍溘代先ｪ蠑丈ｼ夂､ｾ繧ｻ繧ｬ縲代千ｬｬ2莠区･ｭ驛ｨ縲代げ繝ｩ繝輔ぅ繝・け繧ｹ繝励Ο繧ｰ繝ｩ繝枩No.2757_9ac24ace'
}
[save] Word菫晏ｭ伜､ｱ謨・ EBUSY: resource busy or locked, copyfile 'C:\dev\jobtool\server\data\2026-05-25\繧ｻ繧ｬ_縲先･蜍溘代先ｪ蠑丈ｼ夂､ｾ繧ｻ繧ｬ縲代千ｬｬ2莠区･ｭ驛ｨ縲代げ繝ｩ繝輔ぅ繝・け繧ｹ繝励Ο繧ｰ繝ｩ繝枩No.2757_9ac24ace\output.docx' -> 'C:\Museum\JobSheets\豎ゆｺｺ逾ｨ_繧ｻ繧ｬ_縲先･蜍溘代先ｪ蠑丈ｼ夂､ｾ繧ｻ繧ｬ縲代千ｬｬ2莠区･ｭ驛ｨ縲代げ繝ｩ繝輔ぅ繝・け繧ｹ繝励Ο繧ｰ繝ｩ繝枩No.2757.docx' 
[save] 繧ｹ繧ｫ繧ｦ繝域枚菫晏ｭ・ C:\Museum\ScoutTexts\繧ｹ繧ｫ繧ｦ繝域枚_繧ｻ繧ｬ_縲先･蜍溘代先ｪ蠑丈ｼ夂､ｾ繧ｻ繧ｬ縲代千ｬｬ2莠区･ｭ驛ｨ縲代げ繝ｩ繝輔ぅ繝・け繧ｹ繝励Ο繧ｰ繝ｩ繝枩No.2757.txt 
[save] 繝・く繧ｹ繝井ｿ晏ｭ・ C:\Museum\ScoutTexts\豎ゆｺｺ逾ｨ_繧ｻ繧ｬ_縲先･蜍溘代先ｪ蠑丈ｼ夂､ｾ繧ｻ繧ｬ縲代千ｬｬ2莠区･ｭ驛ｨ縲代げ繝ｩ繝輔ぅ繝・け繧ｹ繝励Ο繧ｰ繝ｩ繝枩No.2757.json 
[save] 繝・く繧ｹ繝井ｿ晏ｭ・ C:\Museum\ScoutTexts\豎ゆｺｺ逾ｨ_繧ｻ繧ｬ_縲先･蜍溘代先ｪ蠑丈ｼ夂､ｾ繧ｻ繧ｬ縲代千ｬｬ2莠区･ｭ驛ｨ縲代げ繝ｩ繝輔ぅ繝・け繧ｹ繝励Ο繧ｰ繝ｩ繝枩No.2757_structured.md 
[save] 繝・く繧ｹ繝井ｿ晏ｭ・ C:\Museum\ScoutTexts\豎ゆｺｺ逾ｨ_繧ｻ繧ｬ_縲先･蜍溘代先ｪ蠑丈ｼ夂､ｾ繧ｻ繧ｬ縲代千ｬｬ2莠区･ｭ驛ｨ縲代げ繝ｩ繝輔ぅ繝・け繧ｹ繝励Ο繧ｰ繝ｩ繝枩No.2757_raw.md 
